The system is: Linux - 6.8.0-48-generic - x86_64
Compiling the CXX compiler identification source file "CMakeCXXCompilerId.cpp" succeeded.
Compiler: /opt/fsl-imx-x11/4.1.15-2.1.0/sysroots/x86_64-pokysdk-linux/usr/bin/arm-poky-linux-gnueabi/arm-poky-linux-gnueabi-g++ -march=armv7ve;-mfpu=neon;-mfloat-abi=hard;-mcpu=cortex-a7;--sysroot=/opt/fsl-imx-x11/4.1.15-2.1.0/sysroots/cortexa7hf-neon-poky-linux-gnueabi
Build flags: 
Id flags:  

The output was:
0


Compilation of the CXX compiler identification source "CMakeCXXCompilerId.cpp" produced "a.out"

The CXX compiler identification is GNU, found in "/home/mi/data/code/personal/VideoTransmit/mx6u/build/CMakeFiles/3.22.1/CompilerIdCXX/a.out"

Detecting CXX compiler ABI info compiled with the following output:
Change Dir: /home/mi/data/code/personal/VideoTransmit/mx6u/build/CMakeFiles/CMakeTmp

Run Build Command(s):/usr/bin/gmake -f Makefile cmTC_67651/fast && /usr/bin/gmake  -f CMakeFiles/cmTC_67651.dir/build.make CMakeFiles/cmTC_67651.dir/build
gmake[1]: Entering directory '/home/mi/data/code/personal/VideoTransmit/mx6u/build/CMakeFiles/CMakeTmp'
Building CXX object CMakeFiles/cmTC_67651.dir/CMakeCXXCompilerABI.cpp.o
/opt/fsl-imx-x11/4.1.15-2.1.0/sysroots/x86_64-pokysdk-linux/usr/bin/arm-poky-linux-gnueabi/arm-poky-linux-gnueabi-g++   -march=armv7ve -mfpu=neon  -mfloat-abi=hard -mcpu=cortex-a7 --sysroot=/opt/fsl-imx-x11/4.1.15-2.1.0/sysroots/cortexa7hf-neon-poky-linux-gnueabi   -v -o CMakeFiles/cmTC_67651.dir/CMakeCXXCompilerABI.cpp.o -c /usr/share/cmake-3.22/Modules/CMakeCXXCompilerABI.cpp
Using built-in specs.
COLLECT_GCC=/opt/fsl-imx-x11/4.1.15-2.1.0/sysroots/x86_64-pokysdk-linux/usr/bin/arm-poky-linux-gnueabi/arm-poky-linux-gnueabi-g++
Target: arm-poky-linux-gnueabi
Configured with: ../../../../../../work-shared/gcc-5.3.0-r0/gcc-5.3.0/configure --build=x86_64-linux --host=x86_64-pokysdk-linux --target=arm-poky-linux-gnueabi --prefix=/opt/fsl-imx-x11/4.1.15-2.1.0/sysroots/x86_64-pokysdk-linux/usr --exec_prefix=/opt/fsl-imx-x11/4.1.15-2.1.0/sysroots/x86_64-pokysdk-linux/usr --bindir=/opt/fsl-imx-x11/4.1.15-2.1.0/sysroots/x86_64-pokysdk-linux/usr/bin/arm-poky-linux-gnueabi --sbindir=/opt/fsl-imx-x11/4.1.15-2.1.0/sysroots/x86_64-pokysdk-linux/usr/bin/arm-poky-linux-gnueabi --libexecdir=/opt/fsl-imx-x11/4.1.15-2.1.0/sysroots/x86_64-pokysdk-linux/usr/libexec/arm-poky-linux-gnueabi --datadir=/opt/fsl-imx-x11/4.1.15-2.1.0/sysroots/x86_64-pokysdk-linux/usr/share --sysconfdir=/opt/fsl-imx-x11/4.1.15-2.1.0/sysroots/x86_64-pokysdk-linux/etc --sharedstatedir=/opt/fsl-imx-x11/4.1.15-2.1.0/sysroots/x86_64-pokysdk-linux/com --localstatedir=/opt/fsl-imx-x11/4.1.15-2.1.0/sysroots/x86_64-pokysdk-linux/var --libdir=/opt/fsl-imx-x11/4.1.15-2.1.0/sysroots/x86_64-pokysdk-linux/usr/lib/arm-poky-linux-gnueabi --includedir=/opt/fsl-imx-x11/4.1.15-2.1.0/sysroots/x86_64-pokysdk-linux/usr/include --oldincludedir=/opt/fsl-imx-x11/4.1.15-2.1.0/sysroots/x86_64-pokysdk-linux/usr/include --infodir=/opt/fsl-imx-x11/4.1.15-2.1.0/sysroots/x86_64-pokysdk-linux/usr/share/info --mandir=/opt/fsl-imx-x11/4.1.15-2.1.0/sysroots/x86_64-pokysdk-linux/usr/share/man --disable-silent-rules --disable-dependency-tracking --with-libtool-sysroot=/home/linuxdzm/alientek_workspace/ycoto/fsl-release-bsp/buildQt5.12.9/tmp/sysroots/x86_64-nativesdk-pokysdk-linux --with-gnu-ld --enable-shared --enable-languages=c,c++ --enable-threads=posix --enable-multilib --enable-c99 --enable-long-long --enable-symvers=gnu --enable-libstdcxx-pch --program-prefix=arm-poky-linux-gnueabi- --without-local-prefix --enable-lto --enable-libssp --enable-libitm --disable-bootstrap --disable-libmudflap --with-system-zlib --with-linker-hash-style=gnu --enable-linker-build-id --with-ppl=no --with-cloog=no --enable-checking=release --enable-cheaders=c_global --without-isl --with-gxx-include-dir=/not/exist/usr/include/c++/5.3.0 --with-build-time-tools=/home/linuxdzm/alientek_workspace/ycoto/fsl-release-bsp/buildQt5.12.9/tmp/sysroots/x86_64-linux/usr/arm-poky-linux-gnueabi/bin --with-sysroot=/not/exist --with-build-sysroot=/home/linuxdzm/alientek_workspace/ycoto/fsl-release-bsp/buildQt5.12.9/tmp/sysroots/imx6ull14x14evk --enable-poison-system-directories --with-mpfr=/home/linuxdzm/alientek_workspace/ycoto/fsl-release-bsp/buildQt5.12.9/tmp/sysroots/x86_64-nativesdk-pokysdk-linux --with-mpc=/home/linuxdzm/alientek_workspace/ycoto/fsl-release-bsp/buildQt5.12.9/tmp/sysroots/x86_64-nativesdk-pokysdk-linux --enable-nls --with-arch=armv7-a
Thread model: posix
gcc version 5.3.0 (GCC) 
COLLECT_GCC_OPTIONS='--sysroot=/opt/fsl-imx-x11/4.1.15-2.1.0/sysroots/cortexa7hf-neon-poky-linux-gnueabi' '-march=armv7ve' '-mfpu=neon' '-mfloat-abi=hard' '-mcpu=cortex-a7' '-v' '-o' 'CMakeFiles/cmTC_67651.dir/CMakeCXXCompilerABI.cpp.o' '-c' '-shared-libgcc' '-mtls-dialect=gnu'
 /opt/fsl-imx-x11/4.1.15-2.1.0/sysroots/x86_64-pokysdk-linux/usr/libexec/arm-poky-linux-gnueabi/gcc/arm-poky-linux-gnueabi/5.3.0/cc1plus -quiet -v -isysroot /opt/fsl-imx-x11/4.1.15-2.1.0/sysroots/cortexa7hf-neon-poky-linux-gnueabi -D_GNU_SOURCE /usr/share/cmake-3.22/Modules/CMakeCXXCompilerABI.cpp -quiet -dumpbase CMakeCXXCompilerABI.cpp -march=armv7ve -mfpu=neon -mfloat-abi=hard -mcpu=cortex-a7 -mtls-dialect=gnu -auxbase-strip CMakeFiles/cmTC_67651.dir/CMakeCXXCompilerABI.cpp.o -version -o /tmp/cc5Y30A7.s
GNU C++ (GCC) version 5.3.0 (arm-poky-linux-gnueabi)
	compiled by GNU C version 5.3.0, GMP version 6.1.0, MPFR version 3.1.3, MPC version 1.0.3
GGC heuristics: --param ggc-min-expand=100 --param ggc-min-heapsize=131072
ignoring nonexistent directory "/opt/fsl-imx-x11/4.1.15-2.1.0/sysroots/cortexa7hf-neon-poky-linux-gnueabi/usr/lib/gcc/arm-poky-linux-gnueabi/5.3.0/include"
ignoring nonexistent directory "/opt/fsl-imx-x11/4.1.15-2.1.0/sysroots/cortexa7hf-neon-poky-linux-gnueabi/usr/local/include"
ignoring nonexistent directory "/opt/fsl-imx-x11/4.1.15-2.1.0/sysroots/x86_64-pokysdk-linux/usr/lib/arm-poky-linux-gnueabi/gcc/arm-poky-linux-gnueabi/5.3.0/../../../../../arm-poky-linux-gnueabi/include"
#include "..." search starts here:
#include <...> search starts here:
 /opt/fsl-imx-x11/4.1.15-2.1.0/sysroots/cortexa7hf-neon-poky-linux-gnueabi/usr/include/c++/5.3.0
 /opt/fsl-imx-x11/4.1.15-2.1.0/sysroots/cortexa7hf-neon-poky-linux-gnueabi/usr/include/c++/5.3.0/arm-poky-linux-gnueabi
 /opt/fsl-imx-x11/4.1.15-2.1.0/sysroots/cortexa7hf-neon-poky-linux-gnueabi/usr/include/c++/5.3.0/backward
 /opt/fsl-imx-x11/4.1.15-2.1.0/sysroots/x86_64-pokysdk-linux/usr/lib/arm-poky-linux-gnueabi/gcc/arm-poky-linux-gnueabi/5.3.0/include
 /opt/fsl-imx-x11/4.1.15-2.1.0/sysroots/x86_64-pokysdk-linux/usr/lib/arm-poky-linux-gnueabi/gcc/arm-poky-linux-gnueabi/5.3.0/include-fixed
 /opt/fsl-imx-x11/4.1.15-2.1.0/sysroots/cortexa7hf-neon-poky-linux-gnueabi/usr/include
End of search list.
GNU C++ (GCC) version 5.3.0 (arm-poky-linux-gnueabi)
	compiled by GNU C version 5.3.0, GMP version 6.1.0, MPFR version 3.1.3, MPC version 1.0.3
GGC heuristics: --param ggc-min-expand=100 --param ggc-min-heapsize=131072
Compiler executable checksum: 40106b0d1bf8ba15e97ac9d684e64e70
COLLECT_GCC_OPTIONS='--sysroot=/opt/fsl-imx-x11/4.1.15-2.1.0/sysroots/cortexa7hf-neon-poky-linux-gnueabi' '-march=armv7ve' '-mfpu=neon' '-mfloat-abi=hard' '-mcpu=cortex-a7' '-v' '-o' 'CMakeFiles/cmTC_67651.dir/CMakeCXXCompilerABI.cpp.o' '-c' '-shared-libgcc' '-mtls-dialect=gnu'
 /opt/fsl-imx-x11/4.1.15-2.1.0/sysroots/x86_64-pokysdk-linux/usr/libexec/arm-poky-linux-gnueabi/gcc/arm-poky-linux-gnueabi/5.3.0/as -v -march=armv7ve -mcpu=cortex-a7 -mfloat-abi=hard -mfpu=neon -meabi=5 -o CMakeFiles/cmTC_67651.dir/CMakeCXXCompilerABI.cpp.o /tmp/cc5Y30A7.s
GNU assembler version 2.26.0 (arm-poky-linux-gnueabi) using BFD version (GNU Binutils) 2.26.0.20160226
COMPILER_PATH=/opt/fsl-imx-x11/4.1.15-2.1.0/sysroots/x86_64-pokysdk-linux/usr/libexec/arm-poky-linux-gnueabi/gcc/arm-poky-linux-gnueabi/5.3.0/:/opt/fsl-imx-x11/4.1.15-2.1.0/sysroots/x86_64-pokysdk-linux/usr/libexec/arm-poky-linux-gnueabi/gcc/arm-poky-linux-gnueabi/5.3.0/:/opt/fsl-imx-x11/4.1.15-2.1.0/sysroots/x86_64-pokysdk-linux/usr/libexec/arm-poky-linux-gnueabi/gcc/arm-poky-linux-gnueabi/:/opt/fsl-imx-x11/4.1.15-2.1.0/sysroots/x86_64-pokysdk-linux/usr/lib/arm-poky-linux-gnueabi/gcc/arm-poky-linux-gnueabi/5.3.0/:/opt/fsl-imx-x11/4.1.15-2.1.0/sysroots/x86_64-pokysdk-linux/usr/lib/arm-poky-linux-gnueabi/gcc/arm-poky-linux-gnueabi/
LIBRARY_PATH=/opt/fsl-imx-x11/4.1.15-2.1.0/sysroots/x86_64-pokysdk-linux/usr/lib/arm-poky-linux-gnueabi/gcc/arm-poky-linux-gnueabi/5.3.0/:/opt/fsl-imx-x11/4.1.15-2.1.0/sysroots/cortexa7hf-neon-poky-linux-gnueabi/lib/:/opt/fsl-imx-x11/4.1.15-2.1.0/sysroots/cortexa7hf-neon-poky-linux-gnueabi/usr/lib/arm-poky-linux-gnueabi/5.3.0/:/opt/fsl-imx-x11/4.1.15-2.1.0/sysroots/cortexa7hf-neon-poky-linux-gnueabi/usr/lib/
COLLECT_GCC_OPTIONS='--sysroot=/opt/fsl-imx-x11/4.1.15-2.1.0/sysroots/cortexa7hf-neon-poky-linux-gnueabi' '-march=armv7ve' '-mfpu=neon' '-mfloat-abi=hard' '-mcpu=cortex-a7' '-v' '-o' 'CMakeFiles/cmTC_67651.dir/CMakeCXXCompilerABI.cpp.o' '-c' '-shared-libgcc' '-mtls-dialect=gnu'
Linking CXX executable cmTC_67651
/usr/bin/cmake -E cmake_link_script CMakeFiles/cmTC_67651.dir/link.txt --verbose=1
/opt/fsl-imx-x11/4.1.15-2.1.0/sysroots/x86_64-pokysdk-linux/usr/bin/arm-poky-linux-gnueabi/arm-poky-linux-gnueabi-g++   -march=armv7ve -mfpu=neon  -mfloat-abi=hard -mcpu=cortex-a7 --sysroot=/opt/fsl-imx-x11/4.1.15-2.1.0/sysroots/cortexa7hf-neon-poky-linux-gnueabi -Wl,-O1 -Wl,--hash-style=gnu -Wl,--as-needed -v CMakeFiles/cmTC_67651.dir/CMakeCXXCompilerABI.cpp.o -o cmTC_67651 
Using built-in specs.
COLLECT_GCC=/opt/fsl-imx-x11/4.1.15-2.1.0/sysroots/x86_64-pokysdk-linux/usr/bin/arm-poky-linux-gnueabi/arm-poky-linux-gnueabi-g++
COLLECT_LTO_WRAPPER=/opt/fsl-imx-x11/4.1.15-2.1.0/sysroots/x86_64-pokysdk-linux/usr/libexec/arm-poky-linux-gnueabi/gcc/arm-poky-linux-gnueabi/5.3.0/lto-wrapper
Target: arm-poky-linux-gnueabi
Configured with: ../../../../../../work-shared/gcc-5.3.0-r0/gcc-5.3.0/configure --build=x86_64-linux --host=x86_64-pokysdk-linux --target=arm-poky-linux-gnueabi --prefix=/opt/fsl-imx-x11/4.1.15-2.1.0/sysroots/x86_64-pokysdk-linux/usr --exec_prefix=/opt/fsl-imx-x11/4.1.15-2.1.0/sysroots/x86_64-pokysdk-linux/usr --bindir=/opt/fsl-imx-x11/4.1.15-2.1.0/sysroots/x86_64-pokysdk-linux/usr/bin/arm-poky-linux-gnueabi --sbindir=/opt/fsl-imx-x11/4.1.15-2.1.0/sysroots/x86_64-pokysdk-linux/usr/bin/arm-poky-linux-gnueabi --libexecdir=/opt/fsl-imx-x11/4.1.15-2.1.0/sysroots/x86_64-pokysdk-linux/usr/libexec/arm-poky-linux-gnueabi --datadir=/opt/fsl-imx-x11/4.1.15-2.1.0/sysroots/x86_64-pokysdk-linux/usr/share --sysconfdir=/opt/fsl-imx-x11/4.1.15-2.1.0/sysroots/x86_64-pokysdk-linux/etc --sharedstatedir=/opt/fsl-imx-x11/4.1.15-2.1.0/sysroots/x86_64-pokysdk-linux/com --localstatedir=/opt/fsl-imx-x11/4.1.15-2.1.0/sysroots/x86_64-pokysdk-linux/var --libdir=/opt/fsl-imx-x11/4.1.15-2.1.0/sysroots/x86_64-pokysdk-linux/usr/lib/arm-poky-linux-gnueabi --includedir=/opt/fsl-imx-x11/4.1.15-2.1.0/sysroots/x86_64-pokysdk-linux/usr/include --oldincludedir=/opt/fsl-imx-x11/4.1.15-2.1.0/sysroots/x86_64-pokysdk-linux/usr/include --infodir=/opt/fsl-imx-x11/4.1.15-2.1.0/sysroots/x86_64-pokysdk-linux/usr/share/info --mandir=/opt/fsl-imx-x11/4.1.15-2.1.0/sysroots/x86_64-pokysdk-linux/usr/share/man --disable-silent-rules --disable-dependency-tracking --with-libtool-sysroot=/home/linuxdzm/alientek_workspace/ycoto/fsl-release-bsp/buildQt5.12.9/tmp/sysroots/x86_64-nativesdk-pokysdk-linux --with-gnu-ld --enable-shared --enable-languages=c,c++ --enable-threads=posix --enable-multilib --enable-c99 --enable-long-long --enable-symvers=gnu --enable-libstdcxx-pch --program-prefix=arm-poky-linux-gnueabi- --without-local-prefix --enable-lto --enable-libssp --enable-libitm --disable-bootstrap --disable-libmudflap --with-system-zlib --with-linker-hash-style=gnu --enable-linker-build-id --with-ppl=no --with-cloog=no --enable-checking=release --enable-cheaders=c_global --without-isl --with-gxx-include-dir=/not/exist/usr/include/c++/5.3.0 --with-build-time-tools=/home/linuxdzm/alientek_workspace/ycoto/fsl-release-bsp/buildQt5.12.9/tmp/sysroots/x86_64-linux/usr/arm-poky-linux-gnueabi/bin --with-sysroot=/not/exist --with-build-sysroot=/home/linuxdzm/alientek_workspace/ycoto/fsl-release-bsp/buildQt5.12.9/tmp/sysroots/imx6ull14x14evk --enable-poison-system-directories --with-mpfr=/home/linuxdzm/alientek_workspace/ycoto/fsl-release-bsp/buildQt5.12.9/tmp/sysroots/x86_64-nativesdk-pokysdk-linux --with-mpc=/home/linuxdzm/alientek_workspace/ycoto/fsl-release-bsp/buildQt5.12.9/tmp/sysroots/x86_64-nativesdk-pokysdk-linux --enable-nls --with-arch=armv7-a
Thread model: posix
gcc version 5.3.0 (GCC) 
COMPILER_PATH=/opt/fsl-imx-x11/4.1.15-2.1.0/sysroots/x86_64-pokysdk-linux/usr/libexec/arm-poky-linux-gnueabi/gcc/arm-poky-linux-gnueabi/5.3.0/:/opt/fsl-imx-x11/4.1.15-2.1.0/sysroots/x86_64-pokysdk-linux/usr/libexec/arm-poky-linux-gnueabi/gcc/arm-poky-linux-gnueabi/5.3.0/:/opt/fsl-imx-x11/4.1.15-2.1.0/sysroots/x86_64-pokysdk-linux/usr/libexec/arm-poky-linux-gnueabi/gcc/arm-poky-linux-gnueabi/:/opt/fsl-imx-x11/4.1.15-2.1.0/sysroots/x86_64-pokysdk-linux/usr/lib/arm-poky-linux-gnueabi/gcc/arm-poky-linux-gnueabi/5.3.0/:/opt/fsl-imx-x11/4.1.15-2.1.0/sysroots/x86_64-pokysdk-linux/usr/lib/arm-poky-linux-gnueabi/gcc/arm-poky-linux-gnueabi/
LIBRARY_PATH=/opt/fsl-imx-x11/4.1.15-2.1.0/sysroots/x86_64-pokysdk-linux/usr/lib/arm-poky-linux-gnueabi/gcc/arm-poky-linux-gnueabi/5.3.0/:/opt/fsl-imx-x11/4.1.15-2.1.0/sysroots/cortexa7hf-neon-poky-linux-gnueabi/lib/:/opt/fsl-imx-x11/4.1.15-2.1.0/sysroots/cortexa7hf-neon-poky-linux-gnueabi/usr/lib/arm-poky-linux-gnueabi/5.3.0/:/opt/fsl-imx-x11/4.1.15-2.1.0/sysroots/cortexa7hf-neon-poky-linux-gnueabi/usr/lib/
COLLECT_GCC_OPTIONS='--sysroot=/opt/fsl-imx-x11/4.1.15-2.1.0/sysroots/cortexa7hf-neon-poky-linux-gnueabi' '-march=armv7ve' '-mfpu=neon' '-mfloat-abi=hard' '-mcpu=cortex-a7' '-v' '-o' 'cmTC_67651' '-shared-libgcc' '-mtls-dialect=gnu'
 /opt/fsl-imx-x11/4.1.15-2.1.0/sysroots/x86_64-pokysdk-linux/usr/libexec/arm-poky-linux-gnueabi/gcc/arm-poky-linux-gnueabi/5.3.0/collect2 -plugin /opt/fsl-imx-x11/4.1.15-2.1.0/sysroots/x86_64-pokysdk-linux/usr/libexec/arm-poky-linux-gnueabi/gcc/arm-poky-linux-gnueabi/5.3.0/liblto_plugin.so -plugin-opt=/opt/fsl-imx-x11/4.1.15-2.1.0/sysroots/x86_64-pokysdk-linux/usr/libexec/arm-poky-linux-gnueabi/gcc/arm-poky-linux-gnueabi/5.3.0/lto-wrapper -plugin-opt=-fresolution=/tmp/ccJqkSSg.res -plugin-opt=-pass-through=-lgcc_s -plugin-opt=-pass-through=-lgcc -plugin-opt=-pass-through=-lc -plugin-opt=-pass-through=-lgcc_s -plugin-opt=-pass-through=-lgcc --sysroot=/opt/fsl-imx-x11/4.1.15-2.1.0/sysroots/cortexa7hf-neon-poky-linux-gnueabi --build-id --eh-frame-hdr --hash-style=gnu -dynamic-linker /lib/ld-linux-armhf.so.3 -X -m armelf_linux_eabi -o cmTC_67651 /opt/fsl-imx-x11/4.1.15-2.1.0/sysroots/cortexa7hf-neon-poky-linux-gnueabi/usr/lib/crt1.o /opt/fsl-imx-x11/4.1.15-2.1.0/sysroots/cortexa7hf-neon-poky-linux-gnueabi/usr/lib/crti.o /opt/fsl-imx-x11/4.1.15-2.1.0/sysroots/cortexa7hf-neon-poky-linux-gnueabi/usr/lib/arm-poky-linux-gnueabi/5.3.0/crtbegin.o -L/opt/fsl-imx-x11/4.1.15-2.1.0/sysroots/x86_64-pokysdk-linux/usr/lib/arm-poky-linux-gnueabi/gcc/arm-poky-linux-gnueabi/5.3.0 -L/opt/fsl-imx-x11/4.1.15-2.1.0/sysroots/cortexa7hf-neon-poky-linux-gnueabi/lib -L/opt/fsl-imx-x11/4.1.15-2.1.0/sysroots/cortexa7hf-neon-poky-linux-gnueabi/usr/lib/arm-poky-linux-gnueabi/5.3.0 -L/opt/fsl-imx-x11/4.1.15-2.1.0/sysroots/cortexa7hf-neon-poky-linux-gnueabi/usr/lib -O1 --hash-style=gnu --as-needed CMakeFiles/cmTC_67651.dir/CMakeCXXCompilerABI.cpp.o -lstdc++ -lm -lgcc_s -lgcc -lc -lgcc_s -lgcc /opt/fsl-imx-x11/4.1.15-2.1.0/sysroots/cortexa7hf-neon-poky-linux-gnueabi/usr/lib/arm-poky-linux-gnueabi/5.3.0/crtend.o /opt/fsl-imx-x11/4.1.15-2.1.0/sysroots/cortexa7hf-neon-poky-linux-gnueabi/usr/lib/crtn.o
gmake[1]: Leaving directory '/home/mi/data/code/personal/VideoTransmit/mx6u/build/CMakeFiles/CMakeTmp'



Parsed CXX implicit include dir info from above output: rv=done
  found start of include info
  found start of implicit include info
    add: [/opt/fsl-imx-x11/4.1.15-2.1.0/sysroots/cortexa7hf-neon-poky-linux-gnueabi/usr/include/c++/5.3.0]
    add: [/opt/fsl-imx-x11/4.1.15-2.1.0/sysroots/cortexa7hf-neon-poky-linux-gnueabi/usr/include/c++/5.3.0/arm-poky-linux-gnueabi]
    add: [/opt/fsl-imx-x11/4.1.15-2.1.0/sysroots/cortexa7hf-neon-poky-linux-gnueabi/usr/include/c++/5.3.0/backward]
    add: [/opt/fsl-imx-x11/4.1.15-2.1.0/sysroots/x86_64-pokysdk-linux/usr/lib/arm-poky-linux-gnueabi/gcc/arm-poky-linux-gnueabi/5.3.0/include]
    add: [/opt/fsl-imx-x11/4.1.15-2.1.0/sysroots/x86_64-pokysdk-linux/usr/lib/arm-poky-linux-gnueabi/gcc/arm-poky-linux-gnueabi/5.3.0/include-fixed]
    add: [/opt/fsl-imx-x11/4.1.15-2.1.0/sysroots/cortexa7hf-neon-poky-linux-gnueabi/usr/include]
  end of search list found
  collapse include dir [/opt/fsl-imx-x11/4.1.15-2.1.0/sysroots/cortexa7hf-neon-poky-linux-gnueabi/usr/include/c++/5.3.0] ==> [/opt/fsl-imx-x11/4.1.15-2.1.0/sysroots/cortexa7hf-neon-poky-linux-gnueabi/usr/include/c++/5.3.0]
  collapse include dir [/opt/fsl-imx-x11/4.1.15-2.1.0/sysroots/cortexa7hf-neon-poky-linux-gnueabi/usr/include/c++/5.3.0/arm-poky-linux-gnueabi] ==> [/opt/fsl-imx-x11/4.1.15-2.1.0/sysroots/cortexa7hf-neon-poky-linux-gnueabi/usr/include/c++/5.3.0/arm-poky-linux-gnueabi]
  collapse include dir [/opt/fsl-imx-x11/4.1.15-2.1.0/sysroots/cortexa7hf-neon-poky-linux-gnueabi/usr/include/c++/5.3.0/backward] ==> [/opt/fsl-imx-x11/4.1.15-2.1.0/sysroots/cortexa7hf-neon-poky-linux-gnueabi/usr/include/c++/5.3.0/backward]
  collapse include dir [/opt/fsl-imx-x11/4.1.15-2.1.0/sysroots/x86_64-pokysdk-linux/usr/lib/arm-poky-linux-gnueabi/gcc/arm-poky-linux-gnueabi/5.3.0/include] ==> [/opt/fsl-imx-x11/4.1.15-2.1.0/sysroots/x86_64-pokysdk-linux/usr/lib/arm-poky-linux-gnueabi/gcc/arm-poky-linux-gnueabi/5.3.0/include]
  collapse include dir [/opt/fsl-imx-x11/4.1.15-2.1.0/sysroots/x86_64-pokysdk-linux/usr/lib/arm-poky-linux-gnueabi/gcc/arm-poky-linux-gnueabi/5.3.0/include-fixed] ==> [/opt/fsl-imx-x11/4.1.15-2.1.0/sysroots/x86_64-pokysdk-linux/usr/lib/arm-poky-linux-gnueabi/gcc/arm-poky-linux-gnueabi/5.3.0/include-fixed]
  collapse include dir [/opt/fsl-imx-x11/4.1.15-2.1.0/sysroots/cortexa7hf-neon-poky-linux-gnueabi/usr/include] ==> [/opt/fsl-imx-x11/4.1.15-2.1.0/sysroots/cortexa7hf-neon-poky-linux-gnueabi/usr/include]
  implicit include dirs: [/opt/fsl-imx-x11/4.1.15-2.1.0/sysroots/cortexa7hf-neon-poky-linux-gnueabi/usr/include/c++/5.3.0;/opt/fsl-imx-x11/4.1.15-2.1.0/sysroots/cortexa7hf-neon-poky-linux-gnueabi/usr/include/c++/5.3.0/arm-poky-linux-gnueabi;/opt/fsl-imx-x11/4.1.15-2.1.0/sysroots/cortexa7hf-neon-poky-linux-gnueabi/usr/include/c++/5.3.0/backward;/opt/fsl-imx-x11/4.1.15-2.1.0/sysroots/x86_64-pokysdk-linux/usr/lib/arm-poky-linux-gnueabi/gcc/arm-poky-linux-gnueabi/5.3.0/include;/opt/fsl-imx-x11/4.1.15-2.1.0/sysroots/x86_64-pokysdk-linux/usr/lib/arm-poky-linux-gnueabi/gcc/arm-poky-linux-gnueabi/5.3.0/include-fixed;/opt/fsl-imx-x11/4.1.15-2.1.0/sysroots/cortexa7hf-neon-poky-linux-gnueabi/usr/include]


Parsed CXX implicit link information from above output:
  link line regex: [^( *|.*[/\])(arm-poky-linux-gnueabi-ld|CMAKE_LINK_STARTFILE-NOTFOUND|([^/\]+-)?ld|collect2)[^/\]*( |$)]
  ignore line: [Change Dir: /home/mi/data/code/personal/VideoTransmit/mx6u/build/CMakeFiles/CMakeTmp]
  ignore line: []
  ignore line: [Run Build Command(s):/usr/bin/gmake -f Makefile cmTC_67651/fast && /usr/bin/gmake  -f CMakeFiles/cmTC_67651.dir/build.make CMakeFiles/cmTC_67651.dir/build]
  ignore line: [gmake[1]: Entering directory '/home/mi/data/code/personal/VideoTransmit/mx6u/build/CMakeFiles/CMakeTmp']
  ignore line: [Building CXX object CMakeFiles/cmTC_67651.dir/CMakeCXXCompilerABI.cpp.o]
  ignore line: [/opt/fsl-imx-x11/4.1.15-2.1.0/sysroots/x86_64-pokysdk-linux/usr/bin/arm-poky-linux-gnueabi/arm-poky-linux-gnueabi-g++   -march=armv7ve -mfpu=neon  -mfloat-abi=hard -mcpu=cortex-a7 --sysroot=/opt/fsl-imx-x11/4.1.15-2.1.0/sysroots/cortexa7hf-neon-poky-linux-gnueabi   -v -o CMakeFiles/cmTC_67651.dir/CMakeCXXCompilerABI.cpp.o -c /usr/share/cmake-3.22/Modules/CMakeCXXCompilerABI.cpp]
  ignore line: [Using built-in specs.]
  ignore line: [COLLECT_GCC=/opt/fsl-imx-x11/4.1.15-2.1.0/sysroots/x86_64-pokysdk-linux/usr/bin/arm-poky-linux-gnueabi/arm-poky-linux-gnueabi-g++]
  ignore line: [Target: arm-poky-linux-gnueabi]
  ignore line: [Configured with: ../../../../../../work-shared/gcc-5.3.0-r0/gcc-5.3.0/configure --build=x86_64-linux --host=x86_64-pokysdk-linux --target=arm-poky-linux-gnueabi --prefix=/opt/fsl-imx-x11/4.1.15-2.1.0/sysroots/x86_64-pokysdk-linux/usr --exec_prefix=/opt/fsl-imx-x11/4.1.15-2.1.0/sysroots/x86_64-pokysdk-linux/usr --bindir=/opt/fsl-imx-x11/4.1.15-2.1.0/sysroots/x86_64-pokysdk-linux/usr/bin/arm-poky-linux-gnueabi --sbindir=/opt/fsl-imx-x11/4.1.15-2.1.0/sysroots/x86_64-pokysdk-linux/usr/bin/arm-poky-linux-gnueabi --libexecdir=/opt/fsl-imx-x11/4.1.15-2.1.0/sysroots/x86_64-pokysdk-linux/usr/libexec/arm-poky-linux-gnueabi --datadir=/opt/fsl-imx-x11/4.1.15-2.1.0/sysroots/x86_64-pokysdk-linux/usr/share --sysconfdir=/opt/fsl-imx-x11/4.1.15-2.1.0/sysroots/x86_64-pokysdk-linux/etc --sharedstatedir=/opt/fsl-imx-x11/4.1.15-2.1.0/sysroots/x86_64-pokysdk-linux/com --localstatedir=/opt/fsl-imx-x11/4.1.15-2.1.0/sysroots/x86_64-pokysdk-linux/var --libdir=/opt/fsl-imx-x11/4.1.15-2.1.0/sysroots/x86_64-pokysdk-linux/usr/lib/arm-poky-linux-gnueabi --includedir=/opt/fsl-imx-x11/4.1.15-2.1.0/sysroots/x86_64-pokysdk-linux/usr/include --oldincludedir=/opt/fsl-imx-x11/4.1.15-2.1.0/sysroots/x86_64-pokysdk-linux/usr/include --infodir=/opt/fsl-imx-x11/4.1.15-2.1.0/sysroots/x86_64-pokysdk-linux/usr/share/info --mandir=/opt/fsl-imx-x11/4.1.15-2.1.0/sysroots/x86_64-pokysdk-linux/usr/share/man --disable-silent-rules --disable-dependency-tracking --with-libtool-sysroot=/home/linuxdzm/alientek_workspace/ycoto/fsl-release-bsp/buildQt5.12.9/tmp/sysroots/x86_64-nativesdk-pokysdk-linux --with-gnu-ld --enable-shared --enable-languages=c,c++ --enable-threads=posix --enable-multilib --enable-c99 --enable-long-long --enable-symvers=gnu --enable-libstdcxx-pch --program-prefix=arm-poky-linux-gnueabi- --without-local-prefix --enable-lto --enable-libssp --enable-libitm --disable-bootstrap --disable-libmudflap --with-system-zlib --with-linker-hash-style=gnu --enable-linker-build-id --with-ppl=no --with-cloog=no --enable-checking=release --enable-cheaders=c_global --without-isl --with-gxx-include-dir=/not/exist/usr/include/c++/5.3.0 --with-build-time-tools=/home/linuxdzm/alientek_workspace/ycoto/fsl-release-bsp/buildQt5.12.9/tmp/sysroots/x86_64-linux/usr/arm-poky-linux-gnueabi/bin --with-sysroot=/not/exist --with-build-sysroot=/home/linuxdzm/alientek_workspace/ycoto/fsl-release-bsp/buildQt5.12.9/tmp/sysroots/imx6ull14x14evk --enable-poison-system-directories --with-mpfr=/home/linuxdzm/alientek_workspace/ycoto/fsl-release-bsp/buildQt5.12.9/tmp/sysroots/x86_64-nativesdk-pokysdk-linux --with-mpc=/home/linuxdzm/alientek_workspace/ycoto/fsl-release-bsp/buildQt5.12.9/tmp/sysroots/x86_64-nativesdk-pokysdk-linux --enable-nls --with-arch=armv7-a]
  ignore line: [Thread model: posix]
  ignore line: [gcc version 5.3.0 (GCC) ]
  ignore line: [COLLECT_GCC_OPTIONS='--sysroot=/opt/fsl-imx-x11/4.1.15-2.1.0/sysroots/cortexa7hf-neon-poky-linux-gnueabi' '-march=armv7ve' '-mfpu=neon' '-mfloat-abi=hard' '-mcpu=cortex-a7' '-v' '-o' 'CMakeFiles/cmTC_67651.dir/CMakeCXXCompilerABI.cpp.o' '-c' '-shared-libgcc' '-mtls-dialect=gnu']
  ignore line: [ /opt/fsl-imx-x11/4.1.15-2.1.0/sysroots/x86_64-pokysdk-linux/usr/libexec/arm-poky-linux-gnueabi/gcc/arm-poky-linux-gnueabi/5.3.0/cc1plus -quiet -v -isysroot /opt/fsl-imx-x11/4.1.15-2.1.0/sysroots/cortexa7hf-neon-poky-linux-gnueabi -D_GNU_SOURCE /usr/share/cmake-3.22/Modules/CMakeCXXCompilerABI.cpp -quiet -dumpbase CMakeCXXCompilerABI.cpp -march=armv7ve -mfpu=neon -mfloat-abi=hard -mcpu=cortex-a7 -mtls-dialect=gnu -auxbase-strip CMakeFiles/cmTC_67651.dir/CMakeCXXCompilerABI.cpp.o -version -o /tmp/cc5Y30A7.s]
  ignore line: [GNU C++ (GCC) version 5.3.0 (arm-poky-linux-gnueabi)]
  ignore line: [	compiled by GNU C version 5.3.0  GMP version 6.1.0  MPFR version 3.1.3  MPC version 1.0.3]
  ignore line: [GGC heuristics: --param ggc-min-expand=100 --param ggc-min-heapsize=131072]
  ignore line: [ignoring nonexistent directory "/opt/fsl-imx-x11/4.1.15-2.1.0/sysroots/cortexa7hf-neon-poky-linux-gnueabi/usr/lib/gcc/arm-poky-linux-gnueabi/5.3.0/include"]
  ignore line: [ignoring nonexistent directory "/opt/fsl-imx-x11/4.1.15-2.1.0/sysroots/cortexa7hf-neon-poky-linux-gnueabi/usr/local/include"]
  ignore line: [ignoring nonexistent directory "/opt/fsl-imx-x11/4.1.15-2.1.0/sysroots/x86_64-pokysdk-linux/usr/lib/arm-poky-linux-gnueabi/gcc/arm-poky-linux-gnueabi/5.3.0/../../../../../arm-poky-linux-gnueabi/include"]
  ignore line: [#include "..." search starts here:]
  ignore line: [#include <...> search starts here:]
  ignore line: [ /opt/fsl-imx-x11/4.1.15-2.1.0/sysroots/cortexa7hf-neon-poky-linux-gnueabi/usr/include/c++/5.3.0]
  ignore line: [ /opt/fsl-imx-x11/4.1.15-2.1.0/sysroots/cortexa7hf-neon-poky-linux-gnueabi/usr/include/c++/5.3.0/arm-poky-linux-gnueabi]
  ignore line: [ /opt/fsl-imx-x11/4.1.15-2.1.0/sysroots/cortexa7hf-neon-poky-linux-gnueabi/usr/include/c++/5.3.0/backward]
  ignore line: [ /opt/fsl-imx-x11/4.1.15-2.1.0/sysroots/x86_64-pokysdk-linux/usr/lib/arm-poky-linux-gnueabi/gcc/arm-poky-linux-gnueabi/5.3.0/include]
  ignore line: [ /opt/fsl-imx-x11/4.1.15-2.1.0/sysroots/x86_64-pokysdk-linux/usr/lib/arm-poky-linux-gnueabi/gcc/arm-poky-linux-gnueabi/5.3.0/include-fixed]
  ignore line: [ /opt/fsl-imx-x11/4.1.15-2.1.0/sysroots/cortexa7hf-neon-poky-linux-gnueabi/usr/include]
  ignore line: [End of search list.]
  ignore line: [GNU C++ (GCC) version 5.3.0 (arm-poky-linux-gnueabi)]
  ignore line: [	compiled by GNU C version 5.3.0  GMP version 6.1.0  MPFR version 3.1.3  MPC version 1.0.3]
  ignore line: [GGC heuristics: --param ggc-min-expand=100 --param ggc-min-heapsize=131072]
  ignore line: [Compiler executable checksum: 40106b0d1bf8ba15e97ac9d684e64e70]
  ignore line: [COLLECT_GCC_OPTIONS='--sysroot=/opt/fsl-imx-x11/4.1.15-2.1.0/sysroots/cortexa7hf-neon-poky-linux-gnueabi' '-march=armv7ve' '-mfpu=neon' '-mfloat-abi=hard' '-mcpu=cortex-a7' '-v' '-o' 'CMakeFiles/cmTC_67651.dir/CMakeCXXCompilerABI.cpp.o' '-c' '-shared-libgcc' '-mtls-dialect=gnu']
  ignore line: [ /opt/fsl-imx-x11/4.1.15-2.1.0/sysroots/x86_64-pokysdk-linux/usr/libexec/arm-poky-linux-gnueabi/gcc/arm-poky-linux-gnueabi/5.3.0/as -v -march=armv7ve -mcpu=cortex-a7 -mfloat-abi=hard -mfpu=neon -meabi=5 -o CMakeFiles/cmTC_67651.dir/CMakeCXXCompilerABI.cpp.o /tmp/cc5Y30A7.s]
  ignore line: [GNU assembler version 2.26.0 (arm-poky-linux-gnueabi) using BFD version (GNU Binutils) 2.26.0.20160226]
  ignore line: [COMPILER_PATH=/opt/fsl-imx-x11/4.1.15-2.1.0/sysroots/x86_64-pokysdk-linux/usr/libexec/arm-poky-linux-gnueabi/gcc/arm-poky-linux-gnueabi/5.3.0/:/opt/fsl-imx-x11/4.1.15-2.1.0/sysroots/x86_64-pokysdk-linux/usr/libexec/arm-poky-linux-gnueabi/gcc/arm-poky-linux-gnueabi/5.3.0/:/opt/fsl-imx-x11/4.1.15-2.1.0/sysroots/x86_64-pokysdk-linux/usr/libexec/arm-poky-linux-gnueabi/gcc/arm-poky-linux-gnueabi/:/opt/fsl-imx-x11/4.1.15-2.1.0/sysroots/x86_64-pokysdk-linux/usr/lib/arm-poky-linux-gnueabi/gcc/arm-poky-linux-gnueabi/5.3.0/:/opt/fsl-imx-x11/4.1.15-2.1.0/sysroots/x86_64-pokysdk-linux/usr/lib/arm-poky-linux-gnueabi/gcc/arm-poky-linux-gnueabi/]
  ignore line: [LIBRARY_PATH=/opt/fsl-imx-x11/4.1.15-2.1.0/sysroots/x86_64-pokysdk-linux/usr/lib/arm-poky-linux-gnueabi/gcc/arm-poky-linux-gnueabi/5.3.0/:/opt/fsl-imx-x11/4.1.15-2.1.0/sysroots/cortexa7hf-neon-poky-linux-gnueabi/lib/:/opt/fsl-imx-x11/4.1.15-2.1.0/sysroots/cortexa7hf-neon-poky-linux-gnueabi/usr/lib/arm-poky-linux-gnueabi/5.3.0/:/opt/fsl-imx-x11/4.1.15-2.1.0/sysroots/cortexa7hf-neon-poky-linux-gnueabi/usr/lib/]
  ignore line: [COLLECT_GCC_OPTIONS='--sysroot=/opt/fsl-imx-x11/4.1.15-2.1.0/sysroots/cortexa7hf-neon-poky-linux-gnueabi' '-march=armv7ve' '-mfpu=neon' '-mfloat-abi=hard' '-mcpu=cortex-a7' '-v' '-o' 'CMakeFiles/cmTC_67651.dir/CMakeCXXCompilerABI.cpp.o' '-c' '-shared-libgcc' '-mtls-dialect=gnu']
  ignore line: [Linking CXX executable cmTC_67651]
  ignore line: [/usr/bin/cmake -E cmake_link_script CMakeFiles/cmTC_67651.dir/link.txt --verbose=1]
  ignore line: [/opt/fsl-imx-x11/4.1.15-2.1.0/sysroots/x86_64-pokysdk-linux/usr/bin/arm-poky-linux-gnueabi/arm-poky-linux-gnueabi-g++   -march=armv7ve -mfpu=neon  -mfloat-abi=hard -mcpu=cortex-a7 --sysroot=/opt/fsl-imx-x11/4.1.15-2.1.0/sysroots/cortexa7hf-neon-poky-linux-gnueabi -Wl -O1 -Wl --hash-style=gnu -Wl --as-needed -v CMakeFiles/cmTC_67651.dir/CMakeCXXCompilerABI.cpp.o -o cmTC_67651 ]
  ignore line: [Using built-in specs.]
  ignore line: [COLLECT_GCC=/opt/fsl-imx-x11/4.1.15-2.1.0/sysroots/x86_64-pokysdk-linux/usr/bin/arm-poky-linux-gnueabi/arm-poky-linux-gnueabi-g++]
  ignore line: [COLLECT_LTO_WRAPPER=/opt/fsl-imx-x11/4.1.15-2.1.0/sysroots/x86_64-pokysdk-linux/usr/libexec/arm-poky-linux-gnueabi/gcc/arm-poky-linux-gnueabi/5.3.0/lto-wrapper]
  ignore line: [Target: arm-poky-linux-gnueabi]
  ignore line: [Configured with: ../../../../../../work-shared/gcc-5.3.0-r0/gcc-5.3.0/configure --build=x86_64-linux --host=x86_64-pokysdk-linux --target=arm-poky-linux-gnueabi --prefix=/opt/fsl-imx-x11/4.1.15-2.1.0/sysroots/x86_64-pokysdk-linux/usr --exec_prefix=/opt/fsl-imx-x11/4.1.15-2.1.0/sysroots/x86_64-pokysdk-linux/usr --bindir=/opt/fsl-imx-x11/4.1.15-2.1.0/sysroots/x86_64-pokysdk-linux/usr/bin/arm-poky-linux-gnueabi --sbindir=/opt/fsl-imx-x11/4.1.15-2.1.0/sysroots/x86_64-pokysdk-linux/usr/bin/arm-poky-linux-gnueabi --libexecdir=/opt/fsl-imx-x11/4.1.15-2.1.0/sysroots/x86_64-pokysdk-linux/usr/libexec/arm-poky-linux-gnueabi --datadir=/opt/fsl-imx-x11/4.1.15-2.1.0/sysroots/x86_64-pokysdk-linux/usr/share --sysconfdir=/opt/fsl-imx-x11/4.1.15-2.1.0/sysroots/x86_64-pokysdk-linux/etc --sharedstatedir=/opt/fsl-imx-x11/4.1.15-2.1.0/sysroots/x86_64-pokysdk-linux/com --localstatedir=/opt/fsl-imx-x11/4.1.15-2.1.0/sysroots/x86_64-pokysdk-linux/var --libdir=/opt/fsl-imx-x11/4.1.15-2.1.0/sysroots/x86_64-pokysdk-linux/usr/lib/arm-poky-linux-gnueabi --includedir=/opt/fsl-imx-x11/4.1.15-2.1.0/sysroots/x86_64-pokysdk-linux/usr/include --oldincludedir=/opt/fsl-imx-x11/4.1.15-2.1.0/sysroots/x86_64-pokysdk-linux/usr/include --infodir=/opt/fsl-imx-x11/4.1.15-2.1.0/sysroots/x86_64-pokysdk-linux/usr/share/info --mandir=/opt/fsl-imx-x11/4.1.15-2.1.0/sysroots/x86_64-pokysdk-linux/usr/share/man --disable-silent-rules --disable-dependency-tracking --with-libtool-sysroot=/home/linuxdzm/alientek_workspace/ycoto/fsl-release-bsp/buildQt5.12.9/tmp/sysroots/x86_64-nativesdk-pokysdk-linux --with-gnu-ld --enable-shared --enable-languages=c,c++ --enable-threads=posix --enable-multilib --enable-c99 --enable-long-long --enable-symvers=gnu --enable-libstdcxx-pch --program-prefix=arm-poky-linux-gnueabi- --without-local-prefix --enable-lto --enable-libssp --enable-libitm --disable-bootstrap --disable-libmudflap --with-system-zlib --with-linker-hash-style=gnu --enable-linker-build-id --with-ppl=no --with-cloog=no --enable-checking=release --enable-cheaders=c_global --without-isl --with-gxx-include-dir=/not/exist/usr/include/c++/5.3.0 --with-build-time-tools=/home/linuxdzm/alientek_workspace/ycoto/fsl-release-bsp/buildQt5.12.9/tmp/sysroots/x86_64-linux/usr/arm-poky-linux-gnueabi/bin --with-sysroot=/not/exist --with-build-sysroot=/home/linuxdzm/alientek_workspace/ycoto/fsl-release-bsp/buildQt5.12.9/tmp/sysroots/imx6ull14x14evk --enable-poison-system-directories --with-mpfr=/home/linuxdzm/alientek_workspace/ycoto/fsl-release-bsp/buildQt5.12.9/tmp/sysroots/x86_64-nativesdk-pokysdk-linux --with-mpc=/home/linuxdzm/alientek_workspace/ycoto/fsl-release-bsp/buildQt5.12.9/tmp/sysroots/x86_64-nativesdk-pokysdk-linux --enable-nls --with-arch=armv7-a]
  ignore line: [Thread model: posix]
  ignore line: [gcc version 5.3.0 (GCC) ]
  ignore line: [COMPILER_PATH=/opt/fsl-imx-x11/4.1.15-2.1.0/sysroots/x86_64-pokysdk-linux/usr/libexec/arm-poky-linux-gnueabi/gcc/arm-poky-linux-gnueabi/5.3.0/:/opt/fsl-imx-x11/4.1.15-2.1.0/sysroots/x86_64-pokysdk-linux/usr/libexec/arm-poky-linux-gnueabi/gcc/arm-poky-linux-gnueabi/5.3.0/:/opt/fsl-imx-x11/4.1.15-2.1.0/sysroots/x86_64-pokysdk-linux/usr/libexec/arm-poky-linux-gnueabi/gcc/arm-poky-linux-gnueabi/:/opt/fsl-imx-x11/4.1.15-2.1.0/sysroots/x86_64-pokysdk-linux/usr/lib/arm-poky-linux-gnueabi/gcc/arm-poky-linux-gnueabi/5.3.0/:/opt/fsl-imx-x11/4.1.15-2.1.0/sysroots/x86_64-pokysdk-linux/usr/lib/arm-poky-linux-gnueabi/gcc/arm-poky-linux-gnueabi/]
  ignore line: [LIBRARY_PATH=/opt/fsl-imx-x11/4.1.15-2.1.0/sysroots/x86_64-pokysdk-linux/usr/lib/arm-poky-linux-gnueabi/gcc/arm-poky-linux-gnueabi/5.3.0/:/opt/fsl-imx-x11/4.1.15-2.1.0/sysroots/cortexa7hf-neon-poky-linux-gnueabi/lib/:/opt/fsl-imx-x11/4.1.15-2.1.0/sysroots/cortexa7hf-neon-poky-linux-gnueabi/usr/lib/arm-poky-linux-gnueabi/5.3.0/:/opt/fsl-imx-x11/4.1.15-2.1.0/sysroots/cortexa7hf-neon-poky-linux-gnueabi/usr/lib/]
  ignore line: [COLLECT_GCC_OPTIONS='--sysroot=/opt/fsl-imx-x11/4.1.15-2.1.0/sysroots/cortexa7hf-neon-poky-linux-gnueabi' '-march=armv7ve' '-mfpu=neon' '-mfloat-abi=hard' '-mcpu=cortex-a7' '-v' '-o' 'cmTC_67651' '-shared-libgcc' '-mtls-dialect=gnu']
  link line: [ /opt/fsl-imx-x11/4.1.15-2.1.0/sysroots/x86_64-pokysdk-linux/usr/libexec/arm-poky-linux-gnueabi/gcc/arm-poky-linux-gnueabi/5.3.0/collect2 -plugin /opt/fsl-imx-x11/4.1.15-2.1.0/sysroots/x86_64-pokysdk-linux/usr/libexec/arm-poky-linux-gnueabi/gcc/arm-poky-linux-gnueabi/5.3.0/liblto_plugin.so -plugin-opt=/opt/fsl-imx-x11/4.1.15-2.1.0/sysroots/x86_64-pokysdk-linux/usr/libexec/arm-poky-linux-gnueabi/gcc/arm-poky-linux-gnueabi/5.3.0/lto-wrapper -plugin-opt=-fresolution=/tmp/ccJqkSSg.res -plugin-opt=-pass-through=-lgcc_s -plugin-opt=-pass-through=-lgcc -plugin-opt=-pass-through=-lc -plugin-opt=-pass-through=-lgcc_s -plugin-opt=-pass-through=-lgcc --sysroot=/opt/fsl-imx-x11/4.1.15-2.1.0/sysroots/cortexa7hf-neon-poky-linux-gnueabi --build-id --eh-frame-hdr --hash-style=gnu -dynamic-linker /lib/ld-linux-armhf.so.3 -X -m armelf_linux_eabi -o cmTC_67651 /opt/fsl-imx-x11/4.1.15-2.1.0/sysroots/cortexa7hf-neon-poky-linux-gnueabi/usr/lib/crt1.o /opt/fsl-imx-x11/4.1.15-2.1.0/sysroots/cortexa7hf-neon-poky-linux-gnueabi/usr/lib/crti.o /opt/fsl-imx-x11/4.1.15-2.1.0/sysroots/cortexa7hf-neon-poky-linux-gnueabi/usr/lib/arm-poky-linux-gnueabi/5.3.0/crtbegin.o -L/opt/fsl-imx-x11/4.1.15-2.1.0/sysroots/x86_64-pokysdk-linux/usr/lib/arm-poky-linux-gnueabi/gcc/arm-poky-linux-gnueabi/5.3.0 -L/opt/fsl-imx-x11/4.1.15-2.1.0/sysroots/cortexa7hf-neon-poky-linux-gnueabi/lib -L/opt/fsl-imx-x11/4.1.15-2.1.0/sysroots/cortexa7hf-neon-poky-linux-gnueabi/usr/lib/arm-poky-linux-gnueabi/5.3.0 -L/opt/fsl-imx-x11/4.1.15-2.1.0/sysroots/cortexa7hf-neon-poky-linux-gnueabi/usr/lib -O1 --hash-style=gnu --as-needed CMakeFiles/cmTC_67651.dir/CMakeCXXCompilerABI.cpp.o -lstdc++ -lm -lgcc_s -lgcc -lc -lgcc_s -lgcc /opt/fsl-imx-x11/4.1.15-2.1.0/sysroots/cortexa7hf-neon-poky-linux-gnueabi/usr/lib/arm-poky-linux-gnueabi/5.3.0/crtend.o /opt/fsl-imx-x11/4.1.15-2.1.0/sysroots/cortexa7hf-neon-poky-linux-gnueabi/usr/lib/crtn.o]
    arg [/opt/fsl-imx-x11/4.1.15-2.1.0/sysroots/x86_64-pokysdk-linux/usr/libexec/arm-poky-linux-gnueabi/gcc/arm-poky-linux-gnueabi/5.3.0/collect2] ==> ignore
    arg [-plugin] ==> ignore
    arg [/opt/fsl-imx-x11/4.1.15-2.1.0/sysroots/x86_64-pokysdk-linux/usr/libexec/arm-poky-linux-gnueabi/gcc/arm-poky-linux-gnueabi/5.3.0/liblto_plugin.so] ==> ignore
    arg [-plugin-opt=/opt/fsl-imx-x11/4.1.15-2.1.0/sysroots/x86_64-pokysdk-linux/usr/libexec/arm-poky-linux-gnueabi/gcc/arm-poky-linux-gnueabi/5.3.0/lto-wrapper] ==> ignore
    arg [-plugin-opt=-fresolution=/tmp/ccJqkSSg.res] ==> ignore
    arg [-plugin-opt=-pass-through=-lgcc_s] ==> ignore
    arg [-plugin-opt=-pass-through=-lgcc] ==> ignore
    arg [-plugin-opt=-pass-through=-lc] ==> ignore
    arg [-plugin-opt=-pass-through=-lgcc_s] ==> ignore
    arg [-plugin-opt=-pass-through=-lgcc] ==> ignore
    arg [--sysroot=/opt/fsl-imx-x11/4.1.15-2.1.0/sysroots/cortexa7hf-neon-poky-linux-gnueabi] ==> ignore
    arg [--build-id] ==> ignore
    arg [--eh-frame-hdr] ==> ignore
    arg [--hash-style=gnu] ==> ignore
    arg [-dynamic-linker] ==> ignore
    arg [/lib/ld-linux-armhf.so.3] ==> ignore
    arg [-X] ==> ignore
    arg [-m] ==> ignore
    arg [armelf_linux_eabi] ==> ignore
    arg [-o] ==> ignore
    arg [cmTC_67651] ==> ignore
    arg [/opt/fsl-imx-x11/4.1.15-2.1.0/sysroots/cortexa7hf-neon-poky-linux-gnueabi/usr/lib/crt1.o] ==> obj [/opt/fsl-imx-x11/4.1.15-2.1.0/sysroots/cortexa7hf-neon-poky-linux-gnueabi/usr/lib/crt1.o]
    arg [/opt/fsl-imx-x11/4.1.15-2.1.0/sysroots/cortexa7hf-neon-poky-linux-gnueabi/usr/lib/crti.o] ==> obj [/opt/fsl-imx-x11/4.1.15-2.1.0/sysroots/cortexa7hf-neon-poky-linux-gnueabi/usr/lib/crti.o]
    arg [/opt/fsl-imx-x11/4.1.15-2.1.0/sysroots/cortexa7hf-neon-poky-linux-gnueabi/usr/lib/arm-poky-linux-gnueabi/5.3.0/crtbegin.o] ==> obj [/opt/fsl-imx-x11/4.1.15-2.1.0/sysroots/cortexa7hf-neon-poky-linux-gnueabi/usr/lib/arm-poky-linux-gnueabi/5.3.0/crtbegin.o]
    arg [-L/opt/fsl-imx-x11/4.1.15-2.1.0/sysroots/x86_64-pokysdk-linux/usr/lib/arm-poky-linux-gnueabi/gcc/arm-poky-linux-gnueabi/5.3.0] ==> dir [/opt/fsl-imx-x11/4.1.15-2.1.0/sysroots/x86_64-pokysdk-linux/usr/lib/arm-poky-linux-gnueabi/gcc/arm-poky-linux-gnueabi/5.3.0]
    arg [-L/opt/fsl-imx-x11/4.1.15-2.1.0/sysroots/cortexa7hf-neon-poky-linux-gnueabi/lib] ==> dir [/opt/fsl-imx-x11/4.1.15-2.1.0/sysroots/cortexa7hf-neon-poky-linux-gnueabi/lib]
    arg [-L/opt/fsl-imx-x11/4.1.15-2.1.0/sysroots/cortexa7hf-neon-poky-linux-gnueabi/usr/lib/arm-poky-linux-gnueabi/5.3.0] ==> dir [/opt/fsl-imx-x11/4.1.15-2.1.0/sysroots/cortexa7hf-neon-poky-linux-gnueabi/usr/lib/arm-poky-linux-gnueabi/5.3.0]
    arg [-L/opt/fsl-imx-x11/4.1.15-2.1.0/sysroots/cortexa7hf-neon-poky-linux-gnueabi/usr/lib] ==> dir [/opt/fsl-imx-x11/4.1.15-2.1.0/sysroots/cortexa7hf-neon-poky-linux-gnueabi/usr/lib]
    arg [-O1] ==> ignore
    arg [--hash-style=gnu] ==> ignore
    arg [--as-needed] ==> ignore
    arg [CMakeFiles/cmTC_67651.dir/CMakeCXXCompilerABI.cpp.o] ==> ignore
    arg [-lstdc++] ==> lib [stdc++]
    arg [-lm] ==> lib [m]
    arg [-lgcc_s] ==> lib [gcc_s]
    arg [-lgcc] ==> lib [gcc]
    arg [-lc] ==> lib [c]
    arg [-lgcc_s] ==> lib [gcc_s]
    arg [-lgcc] ==> lib [gcc]
    arg [/opt/fsl-imx-x11/4.1.15-2.1.0/sysroots/cortexa7hf-neon-poky-linux-gnueabi/usr/lib/arm-poky-linux-gnueabi/5.3.0/crtend.o] ==> obj [/opt/fsl-imx-x11/4.1.15-2.1.0/sysroots/cortexa7hf-neon-poky-linux-gnueabi/usr/lib/arm-poky-linux-gnueabi/5.3.0/crtend.o]
    arg [/opt/fsl-imx-x11/4.1.15-2.1.0/sysroots/cortexa7hf-neon-poky-linux-gnueabi/usr/lib/crtn.o] ==> obj [/opt/fsl-imx-x11/4.1.15-2.1.0/sysroots/cortexa7hf-neon-poky-linux-gnueabi/usr/lib/crtn.o]
  collapse library dir [/opt/fsl-imx-x11/4.1.15-2.1.0/sysroots/x86_64-pokysdk-linux/usr/lib/arm-poky-linux-gnueabi/gcc/arm-poky-linux-gnueabi/5.3.0] ==> [/opt/fsl-imx-x11/4.1.15-2.1.0/sysroots/x86_64-pokysdk-linux/usr/lib/arm-poky-linux-gnueabi/gcc/arm-poky-linux-gnueabi/5.3.0]
  collapse library dir [/opt/fsl-imx-x11/4.1.15-2.1.0/sysroots/cortexa7hf-neon-poky-linux-gnueabi/lib] ==> [/opt/fsl-imx-x11/4.1.15-2.1.0/sysroots/cortexa7hf-neon-poky-linux-gnueabi/lib]
  collapse library dir [/opt/fsl-imx-x11/4.1.15-2.1.0/sysroots/cortexa7hf-neon-poky-linux-gnueabi/usr/lib/arm-poky-linux-gnueabi/5.3.0] ==> [/opt/fsl-imx-x11/4.1.15-2.1.0/sysroots/cortexa7hf-neon-poky-linux-gnueabi/usr/lib/arm-poky-linux-gnueabi/5.3.0]
  collapse library dir [/opt/fsl-imx-x11/4.1.15-2.1.0/sysroots/cortexa7hf-neon-poky-linux-gnueabi/usr/lib] ==> [/opt/fsl-imx-x11/4.1.15-2.1.0/sysroots/cortexa7hf-neon-poky-linux-gnueabi/usr/lib]
  implicit libs: [stdc++;m;gcc_s;gcc;c;gcc_s;gcc]
  implicit objs: [/opt/fsl-imx-x11/4.1.15-2.1.0/sysroots/cortexa7hf-neon-poky-linux-gnueabi/usr/lib/crt1.o;/opt/fsl-imx-x11/4.1.15-2.1.0/sysroots/cortexa7hf-neon-poky-linux-gnueabi/usr/lib/crti.o;/opt/fsl-imx-x11/4.1.15-2.1.0/sysroots/cortexa7hf-neon-poky-linux-gnueabi/usr/lib/arm-poky-linux-gnueabi/5.3.0/crtbegin.o;/opt/fsl-imx-x11/4.1.15-2.1.0/sysroots/cortexa7hf-neon-poky-linux-gnueabi/usr/lib/arm-poky-linux-gnueabi/5.3.0/crtend.o;/opt/fsl-imx-x11/4.1.15-2.1.0/sysroots/cortexa7hf-neon-poky-linux-gnueabi/usr/lib/crtn.o]
  implicit dirs: [/opt/fsl-imx-x11/4.1.15-2.1.0/sysroots/x86_64-pokysdk-linux/usr/lib/arm-poky-linux-gnueabi/gcc/arm-poky-linux-gnueabi/5.3.0;/opt/fsl-imx-x11/4.1.15-2.1.0/sysroots/cortexa7hf-neon-poky-linux-gnueabi/lib;/opt/fsl-imx-x11/4.1.15-2.1.0/sysroots/cortexa7hf-neon-poky-linux-gnueabi/usr/lib/arm-poky-linux-gnueabi/5.3.0;/opt/fsl-imx-x11/4.1.15-2.1.0/sysroots/cortexa7hf-neon-poky-linux-gnueabi/usr/lib]
  implicit fwks: []


